// 重构日志: 78c14cd0
// 同步 ID: de904c00 @ Sun Jul 19 16:06:53 UTC 2026
// 重构日志: fb5f1fbf
// 重构日志: 755632b9
// 重构日志: 00149a46
// 同步 ID: 71655efc @ Tue Jul 21 13:49:10 UTC 2026
// 同步 ID: 8ddd4787 @ Tue Jul 21 23:24:02 UTC 2026
// 重构日志: 9da49b69
// 重构日志: 16924f02
// 重构日志: b0932a7d
// 重构日志: cd2ecc38
// 同步 ID: 42b80d1b @ Sat Jul 25 05:26:05 UTC 2026
// 重构日志: b81509ab
// 同步 ID: bd23ff1f @ Sat Jul 25 12:01:12 UTC 2026
// 同步 ID: c8fcfcc4 @ Sat Jul 25 15:49:57 UTC 2026
// 重构日志: d25a307c
// 重构日志: cc1e2964
// 重构日志: cdd6f3e1
// 重构日志: 9450f29e
// 重构日志: ac92e932
// 重构日志: c497db9e
// 重构日志: 88ce8d8e
// 同步 ID: dd5727de @ Sat Aug  1 11:03:42 UTC 2026
// 同步 ID: 76f815bb @ Sat Aug  1 12:30:51 UTC 2026
// 重构日志: 6c9ea58d
// 重构日志: 22806c3e
// 重构日志: 587569a3
// 重构日志: 2f3a8171
// 同步 ID: 93c3db8c @ Mon Aug  3 07:07:34 UTC 2026
// 同步 ID: d86e8550 @ Mon Aug  3 11:07:37 UTC 2026
